// Jest Snapshot v1, https://goo.gl/fbAQLP

exports[`renders the navbar component snapshot 1`] = `
<DocumentFragment>
  <div
    class="Navbar"
  >
    <div
      class="left-nav"
    >
      <img
        alt="logo"
        height="50"
        src="planet.png"
        width="50"
      />
      <h1>
        Space Travelers' Hub
      </h1>
    </div>
    <div
      class="right-nav"
    >
      <a
        aria-current="page"
        class="active"
        href="/"
      >
        Rocket
      </a>
      <a
        class=""
        href="/missions"
      >
        Missions
      </a>
      <div
        class="vertical-line"
      />
      <a
        class=""
        href="/profile"
      >
        My Profile
      </a>
    </div>
  </div>
</DocumentFragment>
`;
